#
# There is insufficient memory for the Java Runtime Environment to continue.
# Native memory allocation (mmap) failed to map 268435456 bytes. Error detail: G1 virtual space
# Possible reasons:
#   The system is out of physical RAM or swap space
#   This process is running with CompressedOops enabled, and the Java Heap may be blocking the growth of the native heap
# Possible solutions:
#   Reduce memory load on the system
#   Increase physical memory or swap space
#   Check if swap backing store is full
#   Decrease Java heap size (-Xmx/-Xms)
#   Decrease number of Java threads
#   Decrease Java thread stack sizes (-Xss)
#   Set larger code cache with -XX:ReservedCodeCacheSize=
#   JVM is running with Zero Based Compressed Oops mode in which the Java heap is
#     placed in the first 32GB address space. The Java Heap base address is the
#     maximum limit for the native heap growth. Please use -XX:HeapBaseMinAddress
#     to set the Java Heap base and to place the Java Heap above 32GB virtual address.
# This output file may be truncated or incomplete.
#
#  Out of Memory Error (os_windows.cpp:3554), pid=6396, tid=21628
#
# JRE version:  (25.0.2+10) (build )
# Java VM: OpenJDK 64-Bit Server VM (25.0.2+10-69, mixed mode, sharing, tiered, compressed oops, compressed class ptrs, g1 gc, windows-amd64)
# No core dump will be written. Minidumps are not enabled by default on client versions of Windows
#

---------------  S U M M A R Y ------------

Command Line: -javaagent:C:\Users\softsuave\AppData\Local\JetBrains\IntelliJIdea2025.3\captureAgent\debugger-agent.jar=file:///C:/Windows/TEMP/capture10328321663644138978.props -ea -Didea.test.cyclic.buffer.size=1048576 -javaagent:C:\Users\softsuave\AppData\Local\Programs\IntelliJ IDEA 2025.3.2\lib\idea_rt.jar=65357 -Dkotlinx.coroutines.debug.enable.creation.stack.trace=false -Ddebugger.agent.enable.coroutines=true -Dkotlinx.coroutines.debug.enable.flows.stack.trace=true -Dkotlinx.coroutines.debug.enable.mutable.state.flows.stack.trace=true -Ddebugger.async.stack.trace.for.all.threads=true -Dfile.encoding=UTF-8 -Dsun.stdout.encoding=UTF-8 -Dsun.stderr.encoding=UTF-8 com.intellij.rt.junit.JUnitStarter -ideVersion5 -junit6 com.payment_service.demo.DemoApplicationTests

Host: Intel(R) Core(TM) i5-8400 CPU @ 2.80GHz, 6 cores, 15G,  Windows 10 , 64 bit Build 19041 (10.0.19041.7291)
Time: Thu Jun  4 11:05:33 2026 India Standard Time elapsed time: 0.026572 seconds (0d 0h 0m 0s)

---------------  T H R E A D  ---------------

Current thread (0x0000026cb6b71fb0):  JavaThread "Unknown thread" [_thread_in_vm, id=21628, stack(0x0000006d43800000,0x0000006d43900000) (1024K)]

Stack: [0x0000006d43800000,0x0000006d43900000]
Native frames: (J=compiled Java code, j=interpreted, Vv=VM code, C=native code)
V  [jvm.dll+0x7a70f9]  (no source info available)
V  [jvm.dll+0x772d6d]  (no source info available)
V  [jvm.dll+0x965d53]  (no source info available)
V  [jvm.dll+0x968351]  (no source info available)
V  [jvm.dll+0x968a63]  (no source info available)
V  [jvm.dll+0x2fc846]  (no source info available)
V  [jvm.dll+0x7a3325]  (no source info available)
V  [jvm.dll+0x796737]  (no source info available)
V  [jvm.dll+0x3f4988]  (no source info available)
V  [jvm.dll+0x3fc8d6]  (no source info available)
V  [jvm.dll+0x3e8f7e]  (no source info available)
V  [jvm.dll+0x3e9238]  (no source info available)
V  [jvm.dll+0x3c0145]  (no source info available)
V  [jvm.dll+0x3c0dce]  (no source info available)
V  [jvm.dll+0x92cdf7]  (no source info available)
V  [jvm.dll+0x458f02]  (no source info available)
V  [jvm.dll+0x9107a2]  (no source info available)
V  [jvm.dll+0x4f9331]  (no source info available)
V  [jvm.dll+0x4fabc1]  (no source info available)
C  [jli.dll+0x543e]  (no source info available)
C  [ucrtbase.dll+0x21bb2]  (no source info available)
C  [KERNEL32.DLL+0x17374]  (no source info available)
C  [ntdll.dll+0x4cc91]  (no source info available)

Lock stack of current Java thread (top to bottom):


---------------  P R O C E S S  ---------------

Threads class SMR info:
_java_thread_list=0x00007fff16fe5388, length=0, elements={
}

Java Threads: ( => current thread )
Total: 0

Other Threads:
  0x0000026cb8fe7940 WorkerThread "GC Thread#0"                     [id=21888, stack(0x0000006d43900000,0x0000006d43a00000) (1024K)]
  0x0000026cb9001f80 ConcurrentGCThread "G1 Main Marker"            [id=4916, stack(0x0000006d43a00000,0x0000006d43b00000) (1024K)]
  0x0000026cb90029d0 WorkerThread "G1 Conc#0"                       [id=21484, stack(0x0000006d43b00000,0x0000006d43c00000) (1024K)]

[error occurred during error reporting (printing all threads), id 0xc0000005, EXCEPTION_ACCESS_VIOLATION (0xc0000005) at pc=0x00007fff166c4f1a]
VM state: not at safepoint (not fully initialized)

VM Mutex/Monitor currently owned by a thread:  ([mutex/lock_event])
[0x00007fff17069768] Heap_lock - owner thread: 0x0000026cb6b71fb0

Heap address: 0x0000000701e00000, size: 4066 MB, Compressed Oops mode: Zero based, Oop shift amount: 3

CDS archive(s) mapped at: [0x0000000000000000-0x0000000000000000-0x0000000000000000), size 0, SharedBaseAddress: 0x0000000800000000, ArchiveRelocationMode: 1.
UseCompressedClassPointers 1, UseCompactObjectHeaders 0
Narrow klass pointer bits 32, Max shift 3
Narrow klass base: 0xffffffffffffffff, Narrow klass shift: -1
Encoding Range: [0xffffffffffffffff - 0x000000007fffffff), (2147483648 bytes)
Klass Range:    [0x0000000000000000 - 0x0000000000000000), (0 bytes)
Klass ID Range:  [4294967295 - 0) (1)
No protection zone.

GC Precious Log:
 CardTable entry size: 512
 Card Set container configuration: InlinePtr #cards 4 size 8 Array Of Cards #cards 16 size 48 Howl #buckets 8 coarsen threshold 3686 Howl Bitmap #cards 512 size 80 coarsen threshold 460 Card regions per heap region 1 cards per card region 4096

Heap:
 garbage-first heap   total reserved 4163584K, committed 0K, used 0K [0x0000000701e00000, 0x0000000800000000)
  region size 2048K, 0 young (0K), 0 survivors (0K)

Heap Regions: E=young(eden), S=young(survivor), O=old, HS=humongous(starts), HC=humongous(continues), CS=collection set, F=free, TAMS=top-at-mark-start, PB=parsable bottom

Card table byte_map: [0x0000026cd1220000,0x0000026cd1a20000] _byte_map_base: 0x0000026ccda11000

Marking Bits: (CMBitMap*) 0x0000026cb8fe8f90
 Bits: [0x0000026cd1a20000, 0x0000026cd59a8000)

GC Heap Usage History (0 events):
No events

Metaspace Usage History (0 events):
No events

Dll operation events (2 events):
Event: 0.019 Loaded shared library C:\Users\softsuave\.jdks\openjdk-25.0.2\bin\java.dll
Event: 0.021 Loaded shared library C:\Users\softsuave\.jdks\openjdk-25.0.2\bin\zip.dll

Deoptimization events (0 events):
No events

Classes loaded (0 events):
No events

Classes unloaded (0 events):
No events

Classes redefined (0 events):
No events

Internal exceptions (0 events):
No events

VM Operations (0 events):
No events

Memory protections (0 events):
No events

Nmethod flushes (0 events):
No events

Events (0 events):
No events


Dynamic libraries:
0x00007ff7b5d20000 - 0x00007ff7b5d2e000 	C:\Users\softsuave\.jdks\openjdk-25.0.2\bin\java.exe
0x00007fffccc70000 - 0x00007fffcce69000 	C:\Windows\SYSTEM32\ntdll.dll
0x00007fffcc1e0000 - 0x00007fffcc2a2000 	C:\Windows\System32\KERNEL32.DLL
0x00007fffca360000 - 0x00007fffca657000 	C:\Windows\System32\KERNELBASE.dll
0x00007fffca990000 - 0x00007fffcaa90000 	C:\Windows\System32\ucrtbase.dll
0x00007fffa4b80000 - 0x00007fffa4b9e000 	C:\Users\softsuave\.jdks\openjdk-25.0.2\bin\VCRUNTIME140.dll
0x00007fffa62e0000 - 0x00007fffa62f7000 	C:\Users\softsuave\.jdks\openjdk-25.0.2\bin\jli.dll
0x00007fffcbed0000 - 0x00007fffcc06d000 	C:\Windows\System32\USER32.dll
0x00007fffcaa90000 - 0x00007fffcaab2000 	C:\Windows\System32\win32u.dll
0x00007fffbb8a0000 - 0x00007fffbbb3b000 	C:\Windows\WinSxS\amd64_microsoft.windows.common-controls_6595b64144ccf1df_6.0.19041.6926_none_60b5a53971f8f7e6\COMCTL32.dll
0x00007fffcaea0000 - 0x00007fffcaecb000 	C:\Windows\System32\GDI32.dll
0x00007fffcc2b0000 - 0x00007fffcc34e000 	C:\Windows\System32\msvcrt.dll
0x00007fffca710000 - 0x00007fffca82a000 	C:\Windows\System32\gdi32full.dll
0x00007fffca860000 - 0x00007fffca8fd000 	C:\Windows\System32\msvcp_win.dll
0x00007fffcac70000 - 0x00007fffcac9f000 	C:\Windows\System32\IMM32.DLL
0x00007fffacab0000 - 0x00007fffacabc000 	C:\Users\softsuave\.jdks\openjdk-25.0.2\bin\vcruntime140_1.dll
0x00007fff79f50000 - 0x00007fff79fdd000 	C:\Users\softsuave\.jdks\openjdk-25.0.2\bin\msvcp140.dll
0x00007fff162f0000 - 0x00007fff1714f000 	C:\Users\softsuave\.jdks\openjdk-25.0.2\bin\server\jvm.dll
0x00007fffcaca0000 - 0x00007fffcad51000 	C:\Windows\System32\ADVAPI32.dll
0x00007fffcc500000 - 0x00007fffcc59f000 	C:\Windows\System32\sechost.dll
0x00007fffccb00000 - 0x00007fffccc26000 	C:\Windows\System32\RPCRT4.dll
0x00007fffca830000 - 0x00007fffca857000 	C:\Windows\System32\bcrypt.dll
0x00007fffcc070000 - 0x00007fffcc0db000 	C:\Windows\System32\WS2_32.dll
0x00007fffca130000 - 0x00007fffca17b000 	C:\Windows\SYSTEM32\POWRPROF.dll
0x00007fffc08b0000 - 0x00007fffc08d7000 	C:\Windows\SYSTEM32\WINMM.dll
0x00007fffc4740000 - 0x00007fffc474a000 	C:\Windows\SYSTEM32\VERSION.dll
0x00007fffca110000 - 0x00007fffca122000 	C:\Windows\SYSTEM32\UMPDC.dll
0x00007fffc8130000 - 0x00007fffc8142000 	C:\Windows\SYSTEM32\kernel.appcore.dll
0x00007fffac440000 - 0x00007fffac44a000 	C:\Users\softsuave\.jdks\openjdk-25.0.2\bin\jimage.dll
0x00007fffbbbb0000 - 0x00007fffbbdb1000 	C:\Windows\SYSTEM32\DBGHELP.DLL
0x00007fffb9380000 - 0x00007fffb93b4000 	C:\Windows\SYSTEM32\dbgcore.DLL
0x00007fffca900000 - 0x00007fffca982000 	C:\Windows\System32\bcryptPrimitives.dll
0x00007fffc7610000 - 0x00007fffc7620000 	C:\Users\softsuave\.jdks\openjdk-25.0.2\bin\instrument.dll
0x00007fffa33d0000 - 0x00007fffa33ef000 	C:\Users\softsuave\.jdks\openjdk-25.0.2\bin\java.dll
0x00007fffcc360000 - 0x00007fffcc48b000 	C:\Windows\System32\ole32.dll
0x00007fffcaed0000 - 0x00007fffcb223000 	C:\Windows\System32\combase.dll
0x00007fffcb4c0000 - 0x00007fffcbc31000 	C:\Windows\System32\SHELL32.dll
0x00007fff9c430000 - 0x00007fff9c447000 	C:\Users\softsuave\.jdks\openjdk-25.0.2\bin\zip.dll

JVMTI agents:
C:\Users\softsuave\AppData\Local\JetBrains\IntelliJIdea2025.3\captureAgent\debugger-agent.jar path:none, loaded, not initialized, instrumentlib options:file:///C:/Windows/TEMP/capture10328321663644138978.props
C:\Users\softsuave\AppData\Local\Programs\IntelliJ IDEA 2025.3.2\lib\idea_rt.jar path:none, loaded, not initialized, instrumentlib options:65357

dbghelp: loaded successfully - version: 4.0.5 - missing functions: none
symbol engine: initialized successfully - sym options: 0x614 - pdb path: .;C:\Users\softsuave\.jdks\openjdk-25.0.2\bin;C:\Windows\SYSTEM32;C:\Windows\WinSxS\amd64_microsoft.windows.common-controls_6595b64144ccf1df_6.0.19041.6926_none_60b5a53971f8f7e6;C:\Users\softsuave\.jdks\openjdk-25.0.2\bin\server

VM Arguments:
jvm_args: -javaagent:C:\Users\softsuave\AppData\Local\JetBrains\IntelliJIdea2025.3\captureAgent\debugger-agent.jar=file:///C:/Windows/TEMP/capture10328321663644138978.props -ea -Didea.test.cyclic.buffer.size=1048576 -javaagent:C:\Users\softsuave\AppData\Local\Programs\IntelliJ IDEA 2025.3.2\lib\idea_rt.jar=65357 -Dkotlinx.coroutines.debug.enable.creation.stack.trace=false -Ddebugger.agent.enable.coroutines=true -Dkotlinx.coroutines.debug.enable.flows.stack.trace=true -Dkotlinx.coroutines.debug.enable.mutable.state.flows.stack.trace=true -Ddebugger.async.stack.trace.for.all.threads=true -Dfile.encoding=UTF-8 -Dsun.stdout.encoding=UTF-8 -Dsun.stderr.encoding=UTF-8 
java_command: com.intellij.rt.junit.JUnitStarter -ideVersion5 -junit6 com.payment_service.demo.DemoApplicationTests
java_class_path (initial): C:\Users\softsuave\.m2\repository\org\junit\platform\junit-platform-launcher\6.0.3\junit-platform-launcher-6.0.3.jar;C:\Users\softsuave\AppData\Local\Programs\IntelliJ IDEA 2025.3.2\lib\idea_rt.jar;C:\Users\softsuave\AppData\Local\Programs\IntelliJ IDEA 2025.3.2\plugins\junit\lib\junit6-rt.jar;C:\Users\softsuave\AppData\Local\Programs\IntelliJ IDEA 2025.3.2\plugins\junit\lib\junit5-rt.jar;C:\Users\softsuave\AppData\Local\Programs\IntelliJ IDEA 2025.3.2\plugins\junit\lib\junit-rt.jar;C:\Users\softsuave\Desktop\demo\target\test-classes;C:\Users\softsuave\Desktop\demo\target\classes;C:\Users\softsuave\.m2\repository\org\springframework\boot\spring-boot-starter-data-jpa\4.0.6\spring-boot-starter-data-jpa-4.0.6.jar;C:\Users\softsuave\.m2\repository\org\springframework\boot\spring-boot-starter\4.0.6\spring-boot-starter-4.0.6.jar;C:\Users\softsuave\.m2\repository\org\springframework\boot\spring-boot-starter-logging\4.0.6\spring-boot-starter-logging-4.0.6.jar;C:\Users\softsuave\.m2\repository\ch\qos\logback\logback-classic\1.5.32\logback-classic-1.5.32.jar;C:\Users\softsuave\.m2\repository\ch\qos\logback\logback-core\1.5.32\logback-core-1.5.32.jar;C:\Users\softsuave\.m2\repository\org\apache\logging\log4j\log4j-to-slf4j\2.25.4\log4j-to-slf4j-2.25.4.jar;C:\Users\softsuave\.m2\repository\org\apache\logging\log4j\log4j-api\2.25.4\log4j-api-2.25.4.jar;C:\Users\softsuave\.m2\repository\org\slf4j\jul-to-slf4j\2.0.17\jul-to-slf4j-2.0.17.jar;C:\Users\softsuave\.m2\repository\jakarta\annotation\jakarta.annotation-api\3.0.0\jakarta.annotation-api-3.0.0.jar;C:\Users\softsuave\.m2\repository\org\yaml\snakeyaml\2.5\snakeyaml-2.5.jar;C:\Users\softsuave\.m2\repository\org\springframework\boot\spring-boot-starter-jdbc\4.0.6\spring-boot-starter-jdbc-4.0.6.jar;C:\Users\softsuave\.m2\repository\com\zaxxer\HikariCP\7.0.2\HikariCP-7.0.2.jar;C:\Users\softsuave\.m2\repository\org\slf4j\slf4j-api\2.0.17\slf4j-api-2.0.17.jar;C:\Users\softsuave\.m2\repository\org\springframework\boot\spring-boot-data-jpa\4.0.6\spring-boot-data-jpa-4.0.6.jar;C:\Users\softsuave\.m2\repository\org\springframework\boot\spring-boot-data-commons\4.0.6\spring-boot-data-commons-4.0.6.jar;C:\Users\softsuave\.m2\repository\org\springframework\boot\spring-boot-persistence\4.0.6\spring-boot-persistence-4.0.6.jar;C:\Users\softsuave\.m2\repository\org\springframework\data\spring-data-commons\4.0.5\spring-data-commons-4.0.5.jar;C:\Users\softsuave\.m2\repository\org\springframework\boot\spring-boot-hibernate\4.0.6\spring-boot-hibernate-4.0.6.jar;C:\Users\softsuave\.m2\repository\org\springframework\boot\spring-boot-jpa\4.0.6\spring-boot-jpa-4.0.6.jar;C:\Users\softsuave\.m2\repository\jakarta\persistence\jakarta.persistence-api\3.2.0\jakarta.persistence-api-3.2.0.jar;C:\Users\softsuave\.m2\repository\org\hibernate\orm\hibernate-core\7.2.12.Final\hibernate-core-7.2.12.Final.jar;C:\Users\softsuave\.m2\repository\jakarta\transaction\jakarta.transaction-api\2.0.1\jakarta.transaction-api-2.0.1.jar;C:\Users\softsuave\.m2\repository\org\hibernate\models\hibernate-models\1.0.1\hibernate-models-1.0.1.jar;C:\Users\softsuave\.m2\repository\org\glassfish\jaxb\jaxb-runtime\4.0.6\jaxb-runtime-4.0.6.jar;C:\Users\softsuave\.m2\repository\org\glassfish\jaxb\jaxb-core\4.0.6\jaxb-core-4.0.6.jar;C:\Users\softsuave\.m2\repository\org\eclipse\angus\angus-activation\2.0.3\angus-activation-2.0.3.jar;C:\Users\softsuave\.m2\repository\org\glassfish\jaxb\txw2\4.0.6\txw2-4.0.6.jar;C:\Users\softsuave\.m2\repository\com\sun\istack\istack-commons-runtime\4.1.2\istack-commons-runtime-4.1.2.jar;C:\Users\softsuave\.m2\repository\jakarta\inject\jakarta.inject-api\2.0.1\jakarta.inject-api-2.0.1.jar;C:\Users\softsuave\.m2\repository\org\springframework\spring-orm\7.0.7\spring-orm-7.0.7.jar;C:\Users\softsuave\.m2\repository\org\springframework\data\spring-data-jpa\4.0.5\spring-data-jpa-4.0.5.jar;C:\Users\softsuave\.m2\repository\org\springframework\spring-aop\7.0.7\spring-aop-7.0.7.jar;C:\Users\softsuave\.m2\repository\org\springframework\spring-tx\7.0.7\spring-tx-7.0.7.jar;C:\Users\softsuave\.m2\repository\org\springframework\spring-beans\7.0.7\spring-beans-7.0.7.jar;C:\Users\softsuave\.m2\repository\org\antlr\antlr4-runtime\4.13.2\antlr4-runtime-4.13.2.jar;C:\Users\softsuave\.m2\repository\org\springframework\spring-aspects\7.0.7\spring-aspects-7.0.7.jar;C:\Users\softsuave\.m2\repository\org\aspectj\aspectjweaver\1.9.25.1\aspectjweaver-1.9.25.1.jar;C:\Users\softsuave\.m2\repository\org\springframework\boot\spring-boot-jdbc\4.0.6\spring-boot-jdbc-4.0.6.jar;C:\Users\softsuave\.m2\repository\org\springframework\boot\spring-boot-sql\4.0.6\spring-boot-sql-4.0.6.jar;C:\Users\softsuave\.m2\repository\org\springframework\boot\spring-boot-transaction\4.0.6\spring-boot-transaction-4.0.6.jar;C:\Users\softsuave\.m2\repository\org\springframework\spring-jdbc\7.0.7\spring-jdbc-7.0.7.jar;C:\Users\softsuave\.m2\repository\org\springframework\boot\spring-boot-starter-validation\4.0.6\spring-boot-starter-validation-4.0.6.jar;C:\Users\softsuave\.m2\repository\org\springframework\boot\spring-boot-validation\4.0.6\spring-boot-validation-4.0.6.jar;C:\Users\softsuave\.m2\repository\org\apache\tomcat\embed\tomcat-embed-el\11.0.21\tomcat-embed-el-11.0.21.jar;C:\Users\softsuave\.m2\repository\org\hibernate\validator\hibernate-validator\9.0.1.Final\hibernate-validator-9.0.1.Final.jar;C:\Users\softsuave\.m2\repository\jakarta\validation\jakarta.validation-api\3.1.1\jakarta.validation-api-3.1.1.jar;C:\Users\softsuave\.m2\repository\org\jboss\logging\jboss-logging\3.6.3.Final\jboss-logging-3.6.3.Final.jar;C:\Users\softsuave\.m2\repository\com\fasterxml\classmate\1.7.3\classmate-1.7.3.jar;C:\Users\softsuave\.m2\repository\org\springframework\boot\spring-boot-starter-webmvc\4.0.6\spring-boot-starter-webmvc-4.0.6.jar;C:\Users\softsuave\.m2\repository\org\springframework\boot\spring-boot-starter-jackson\4.0.6\spring-boot-starter-jackson-4.0.6.jar;C:\Users\softsuave\.m2\repository\org\springframework\boot\spring-boot-jackson\4.0.6\spring-boot-jackson-4.0.6.jar;C:\Users\softsuave\.m2\repository\tools\jackson\core\jackson-databind\3.1.2\jackson-databind-3.1.2.jar;C:\Users\softsuave\.m2\repository\com\fasterxml\jackson\core\jackson-annotations\2.21\jackson-annotations-2.21.jar;C:\Users\softsuave\.m2\repository\tools\jackson\core\jackson-core\3.1.2\jackson-core-3.1.2.jar;C:\Users\softsuave\.m2\repository\org\springframework\boot\spring-boot-starter-tomcat\4.0.6\spring-boot-starter-tomcat-4.0.6.jar;C:\Users\softsuave\.m2\repository\org\springframework\boot\spring-boot-starter-tomcat-runtime\4.0.6\spring-boot-starter-tomcat-runtime-4.0.6.jar;C:\Users\softsuave\.m2\repository\org\apache\tomcat\embed\tomcat-embed-core\11.0.21\tomcat-embed-core-11.0.21.jar;C:\Users\softsuave\.m2\repository\org\apache\tomcat\embed\tomcat-embed-websocket\11.0.21\tomcat-embed-websocket-11.0.21.jar;C:\Users\softsuave\.m2\repository\org\springframework\boot\spring-boot-tomcat\4.0.6\spring-boot-tomcat-4.0.6.jar;C:\Users\softsuave\.m2\repository\org\springframework\boot\spring-boot-http-converter\4.0.6\spring-boot-http-converter-4.0.6.jar;C:\Users\softsuave\.m2\repository\org\springframework\spring-web\7.0.7\spring-web-7.0.7.jar;C:\Users\softsuave\.m2\repository\io\micrometer\micrometer-observation\1.16.5\micrometer-observation-1.16.5.jar;C:\Users\softsuave\.m2\repository\io\micrometer\micrometer-commons\1.16.5\micrometer-commons-1.16.5.jar;C:\Users\softsuave\.m2\repository\org\springframework\boot\spring-boot-webmvc\4.0.6\spring-boot-webmvc-4.0.6.jar;C:\Users\softsuave\.m2\repository\org\springframework\boot\spring-boot-servlet\4.0.6\spring-boot-servlet-4.0.6.jar;C:\Users\softsuave\.m2\repository\org\springframework\spring-webmvc\7.0.7\spring-webmvc-7.0.7.jar;C:\Users\softsuave\.m2\repository\org\springframework\spring-expression\7.0.7\spring-expression-7.0.7.jar;C:\Users\softsuave\.m2\repository\org\springframework\boot\spring-boot-devtools\4.0.6\spring-boot-devtools-4.0.6.jar;C:\Users\softsuave\.m2\repository\org\springframework\boot\spring-boot\4.0.6\spring-boot-4.0.6.jar;C:\Users\softsuave\.m2\repository\org\springframework\spring-core\7.0.7\spring-core-7.0.7.jar;C:\Users\softsuave\.m2\repository\commons-logging\commons-logging\1.3.6\commons-logging-1.3.6.jar;C:\Users\softsuave\.m2\repository\org\jspecify\jspecify\1.0.0\jspecify-1.0.0.jar;C:\Users\softsuave\.m2\repository\org\springframework\spring-context\7.0.7\spring-context-7.0.7.jar;C:\Users\softsuave\.m2\repository\org\springframework\boot\spring-boot-autoconfigure\4.0.6\spring-boot-autoconfigure-4.0.6.jar;C:\Users\softsuave\.m2\repository\org\postgresql\postgresql\42.7.10\postgresql-42.7.10.jar;C:\Users\softsuave\.m2\repository\org\checkerframework\checker-qual\3.52.0\checker-qual-3.52.0.jar;C:\Users\softsuave\.m2\repository\org\projectlombok\lombok\1.18.46\lombok-1.18.46.jar;C:\Users\softsuave\.m2\repository\com\razorpay\razorpay-java\1.4.8\razorpay-java-1.4.8.jar;C:\Users\softsuave\.m2\repository\org\json\json\20231013\json-20231013.jar;C:\Users\softsuave\.m2\repository\com\squareup\okhttp3\okhttp\3.10.0\okhttp-3.10.0.jar;C:\Users\softsuave\.m2\repository\com\squareup\okio\okio\1.14.0\okio-1.14.0.jar;C:\Users\softsuave\.m2\repository\com\squareup\okhttp3\logging-interceptor\3.10.0\logging-interceptor-3.10.0.jar;C:\Users\softsuave\.m2\repository\commons-codec\commons-codec\1.19.0\commons-codec-1.19.0.jar;C:\Users\softsuave\.m2\repository\org\apache\commons\commons-text\1.3\commons-text-1.3.jar;C:\Users\softsuave\.m2\repository\org\apache\commons\commons-lang3\3.19.0\commons-lang3-3.19.0.jar;C:\Users\softsuave\.m2\repository\org\springframework\boot\spring-boot-starter-data-jpa-test\4.0.6\spring-boot-starter-data-jpa-test-4.0.6.jar;C:\Users\softsuave\.m2\repository\org\springframework\boot\spring-boot-starter-test\4.0.6\spring-boot-starter-test-4.0.6.jar;C:\Users\softsuave\.m2\repository\org\springframework\boot\spring-boot-test\4.0.6\spring-boot-test-4.0.6.jar;C:\Users\softsuave\.m2\repository\org\springframework\boot\spring-boot-test-autoconfigure\4.0.6\spring-boot-test-autoconfigure-4.0.6.jar;C:\Users\softsuave\.m2\repository\com\jayway\jsonpath\json-path\2.10.0\json-path-2.10.0.jar;C:\Users\softsuave\.m2\repository\jakarta\xml\bind\jakarta.xml.bind-api\4.0.4\jakarta.xml.bind-api-4.0.4.jar;C:\Users\softsuave\.m2\repository\jakarta\activation\jakarta.activation-api\2.1.4\jakarta.activation-api-2.1.4.jar;C:\Users\softsuave\.m2\repository\net\minidev\json-smart\2.6.0\json-smart-2.6.0.jar;C:\Users\softsuave\.m2\repository\net\minidev\accessors-smart\2.6.0\accessors-smart-2.6.0.jar;C:\Users\softsuave\.m2\repository\org\ow2\asm\asm\9.7.1\asm-9.7.1.jar;C:\Users\softsuave\.m2\repository\org\assertj\assertj-core\3.27.7\assertj-core-3.27.7.jar;C:\Users\softsuave\.m2\repository\net\bytebuddy\byte-buddy\1.17.8\byte-buddy-1.17.8.jar;C:\Users\softsuave\.m2\repository\org\awaitility\awaitility\4.3.0\awaitility-4.3.0.jar;C:\Users\softsuave\.m2\repository\org\hamcrest\hamcrest\3.0\hamcrest-3.0.jar;C:\Users\softsuave\.m2\repository\org\junit\jupiter\junit-jupiter\6.0.3\junit-jupiter-6.0.3.jar;C:\Users\softsuave\.m2\repository\org\junit\jupiter\junit-jupiter-api\6.0.3\junit-jupiter-api-6.0.3.jar;C:\Users\softsuave\.m2\repository\org\opentest4j\opentest4j\1.3.0\opentest4j-1.3.0.jar;C:\Users\softsuave\.m2\repository\org\junit\platform\junit-platform-commons\6.0.3\junit-platform-commons-6.0.3.jar;C:\Users\softsuave\.m2\repository\org\apiguardian\apiguardian-api\1.1.2\apiguardian-api-1.1.2.jar;C:\Users\softsuave\.m2\repository\org\junit\jupiter\junit-jupiter-params\6.0.3\junit-jupiter-params-6.0.3.jar;C:\Users\softsuave\.m2\repository\org\junit\jupiter\junit-jupiter-engine\6.0.3\junit-jupiter-engine-6.0.3.jar;C:\Users\softsuave\.m2\repository\org\junit\platform\junit-platform-engine\6.0.3\junit-platform-engine-6.0.3.jar;C:\Users\softsuave\.m2\repository\org\mockito\mockito-core\5.20.0\mockito-core-5.20.0.jar;C:\Users\softsuave\.m2\repository\net\bytebuddy\byte-buddy-agent\1.17.8\byte-buddy-agent-1.17.8.jar;C:\Users\softsuave\.m2\repository\org\objenesis\objenesis\3.3\objenesis-3.3.jar;C:\Users\softsuave\.m2\repository\org\mockito\mockito-junit-jupiter\5.20.0\mockito-junit-jupiter-5.20.0.jar;C:\Users\softsuave\.m2\repository\org\skyscreamer\jsonassert\1.5.3\jsonassert-1.5.3.jar;C:\Users\softsuave\.m2\repository\com\vaadin\external\google\android-json\0.0.20131108.vaadin1\android-json-0.0.20131108.vaadin1.jar;C:\Users\softsuave\.m2\repository\org\springframework\spring-test\7.0.7\spring-test-7.0.7.jar;C:\Users\softsuave\.m2\repository\org\xmlunit\xmlunit-core\2.10.4\xmlunit-core-2.10.4.jar;C:\Users\softsuave\.m2\repository\org\springframework\boot\spring-boot-starter-jdbc-test\4.0.6\spring-boot-starter-jdbc-test-4.0.6.jar;C:\Users\softsuave\.m2\repository\org\springframework\boot\spring-boot-jdbc-test\4.0.6\spring-boot-jdbc-test-4.0.6.jar;C:\Users\softsuave\.m2\repository\org\springframework\boot\spring-boot-data-jpa-test\4.0.6\spring-boot-data-jpa-test-4.0.6.jar;C:\Users\softsuave\.m2\repository\org\springframework\boot\spring-boot-jpa-test\4.0.6\spring-boot-jpa-test-4.0.6.jar;C:\Users\softsuave\.m2\repository\org\springframework\boot\spring-boot-starter-validation-test\4.0.6\spring-boot-starter-validation-test-4.0.6.jar;C:\Users\softsuave\.m2\repository\org\springframework\boot\spring-boot-starter-webmvc-test\4.0.6\spring-boot-starter-webmvc-test-4.0.6.jar;C:\Users\softsuave\.m2\repository\org\springframework\boot\spring-boot-starter-jackson-test\4.0.6\spring-boot-starter-jackson-test-4.0.6.jar;C:\Users\softsuave\.m2\repository\org\springframework\boot\spring-boot-webmvc-test\4.0.6\spring-boot-webmvc-test-4.0.6.jar;C:\Users\softsuave\.m2\repository\org\springframework\boot\spring-boot-web-server\4.0.6\spring-boot-web-server-4.0.6.jar;C:\Users\softsuave\.m2\repository\org\springframework\boot\spring-boot-resttestclient\4.0.6\spring-boot-resttestclient-4.0.6.jar
Launcher Type: SUN_STANDARD

[Global flags]
     intx CICompilerCount                          = 3                                         {product} {ergonomic}
     uint ConcGCThreads                            = 2                                         {product} {ergonomic}
     uint G1ConcRefinementThreads                  = 6                                         {product} {ergonomic}
   size_t G1HeapRegionSize                         = 2097152                                   {product} {ergonomic}
   size_t InitialHeapSize                          = 268435456                                 {product} {ergonomic}
   size_t MarkStackSize                            = 4194304                                   {product} {ergonomic}
   size_t MarkStackSizeMax                         = 536870912                                 {product} {ergonomic}
   size_t MaxHeapSize                              = 4263510016                                {product} {ergonomic}
   size_t MinHeapDeltaBytes                        = 2097152                                   {product} {ergonomic}
   size_t MinHeapSize                              = 8388608                                   {product} {ergonomic}
    uintx NonNMethodCodeHeapSize                   = 5832704                                {pd product} {ergonomic}
    uintx NonProfiledCodeHeapSize                  = 122945536                              {pd product} {ergonomic}
    uintx ProfiledCodeHeapSize                     = 122880000                              {pd product} {ergonomic}
    uintx ReservedCodeCacheSize                    = 251658240                              {pd product} {ergonomic}
     bool SegmentedCodeCache                       = true                                      {product} {ergonomic}
   size_t SoftMaxHeapSize                          = 4263510016                             {manageable} {ergonomic}
     bool UseCompressedOops                        = true                           {product lp64_product} {ergonomic}
     bool UseG1GC                                  = true                                      {product} {ergonomic}
     bool UseLargePagesIndividualAllocation        = false                                  {pd product} {ergonomic}

Logging:
Log output configuration:
 #0: stdout all=warning uptime,level,tags foldmultilines=false
 #1: stderr all=off uptime,level,tags foldmultilines=false

Release file:
<release file has not been read>
Environment Variables:
JAVA_HOME=C:\Program Files\Java\jdk-21.0.10
PATH=C:\Program Files\Java\jdk-21.0.10\bin;C:\Python314\;C:\Windows\system32;C:\Windows;C:\Windows\System32\Wbem;C:\Windows\System32\WindowsPowerShell\v1.0\;C:\Windows\System32\OpenSSH\;C:\ProgramData\chocolatey\bin;C:\Program Files\nodejs\;C:\Program Files\Git\cmd;C:\Program Files\apache-maven-3.9.12\bin;C:\Program Files\Java\jdk-21.0.10\bin;C:\Program Files\Kubernetes\Minikube;C:\php;;C:\Program Files\Docker\Docker\resources\bin;C:\Users\softsuave\AppData\Local\Microsoft\WindowsApps;C:\Program Files\Java\jdk-21\bin;C:\Users\softsuave\AppData\Local\Python\bin;C:\Users\softsuave\AppData\Roaming\npm;C:\Users\softsuave\AppData\Local\Programs\Microsoft VS Code\bin;C:\Users\softsuave\AppData\Local\Programs\cursor\resources\app\bin;C:\Users\softsuave\AppData\Local\Programs\Antigravity\bin;C:\Users\softsuave\.lmstudio\bin
USERNAME=softsuave
OS=Windows_NT
PROCESSOR_IDENTIFIER=Intel64 Family 6 Model 158 Stepping 10, GenuineIntel
TMP=C:\Windows\TEMP
TEMP=C:\Users\SOFTSU~1\AppData\Local\Temp




Compilation memory statistics disabled.

Periodic native trim disabled

---------------  S Y S T E M  ---------------

OS:
 Windows 10 , 64 bit Build 19041 (10.0.19041.7291)
OS uptime: 0 days 15:44 hours
Hyper-V role detected

CPU: total 6 (initial active 6) (6 cores per cpu, 1 threads per core) family 6 model 158 stepping 10 microcode 0xb4, cx8, cmov, fxsr, mmx, 3dnowpref, sse, sse2, sse3, ssse3, sse4.1, sse4.2, popcnt, lzcnt, tsc, tscinvbit, avx, avx2, aes, erms, clmul, bmi1, bmi2, adx, fma, vzeroupper, clflush, clflushopt, hv, rdtscp, f16c
Processor Information for the first 6 processors :
  Max Mhz: 2808, Current Mhz: 2808, Mhz Limit: 2808

Memory: 4k page, system-wide physical 16256M (715M free)
TotalPageFile size 24990M (AvailPageFile size 52M)
current process WorkingSet (physical memory assigned to process): 12M, peak: 12M
current process commit charge ("private bytes"): 57M, peak: 312M

vm_info: OpenJDK 64-Bit Server VM (25.0.2+10-69) for windows-amd64 JRE (25.0.2+10-69), built on 2025-12-18T11:36:35Z with MS VC++ 17.13 (VS2022)

END.
