#
# There is insufficient memory for the Java Runtime Environment to continue.
# Native memory allocation (mmap) failed to map 268435456 bytes for G1 virtual space
# Possible reasons:
#   The system is out of physical RAM or swap space
#   The process is running with CompressedOops enabled, and the Java Heap may be blocking the growth of the native heap
# Possible solutions:
#   Reduce memory load on the system
#   Increase physical memory or swap space
#   Check if swap backing store is full
#   Decrease Java heap size (-Xmx/-Xms)
#   Decrease number of Java threads
#   Decrease Java thread stack sizes (-Xss)
#   Set larger code cache with -XX:ReservedCodeCacheSize=
#   JVM is running with Zero Based Compressed Oops mode in which the Java heap is
#     placed in the first 32GB address space. The Java Heap base address is the
#     maximum limit for the native heap growth. Please use -XX:HeapBaseMinAddress
#     to set the Java Heap base and to place the Java Heap above 32GB virtual address.
# This output file may be truncated or incomplete.
#
#  Out of Memory Error (os_windows.cpp:3604), pid=7744, tid=6804
#
# JRE version:  (21.0.10+8) (build )
# Java VM: Java HotSpot(TM) 64-Bit Server VM (21.0.10+8-LTS-217, mixed mode, sharing, tiered, compressed oops, compressed class ptrs, g1 gc, windows-amd64)
# No core dump will be written. Minidumps are not enabled by default on client versions of Windows
#

---------------  S U M M A R Y ------------

Command Line: --enable-native-access=ALL-UNNAMED 

Host: Intel(R) Core(TM) i5-8400 CPU @ 2.80GHz, 6 cores, 15G,  Windows 10 , 64 bit Build 19041 (10.0.19041.7291)
Time: Thu Jun  4 11:05:41 2026 India Standard Time elapsed time: 0.011627 seconds (0d 0h 0m 0s)

---------------  T H R E A D  ---------------

Current thread (0x0000028411b2d160):  JavaThread "Unknown thread" [_thread_in_vm, id=6804, stack(0x000000c03b500000,0x000000c03b600000) (1024K)]

Stack: [0x000000c03b500000,0x000000c03b600000]
Native frames: (J=compiled Java code, j=interpreted, Vv=VM code, C=native code)
V  [jvm.dll+0x6d0b59]
V  [jvm.dll+0x85fd56]
V  [jvm.dll+0x86224e]
V  [jvm.dll+0x862923]
V  [jvm.dll+0x282a16]
V  [jvm.dll+0x6cd405]
V  [jvm.dll+0x6c1f8a]
V  [jvm.dll+0x35bcc8]
V  [jvm.dll+0x363986]
V  [jvm.dll+0x3b4a3e]
V  [jvm.dll+0x3b4ce8]
V  [jvm.dll+0x32f98c]
V  [jvm.dll+0x3304db]
V  [jvm.dll+0x829d3e]
V  [jvm.dll+0x3c19d1]
V  [jvm.dll+0x812c0a]
V  [jvm.dll+0x4543d1]
V  [jvm.dll+0x455e21]
C  [jli.dll+0x5310]
C  [ucrtbase.dll+0x21bb2]
C  [KERNEL32.DLL+0x17374]
C  [ntdll.dll+0x4cc91]


---------------  P R O C E S S  ---------------

Threads class SMR info:
_java_thread_list=0x00007fffb0f48c88, length=0, elements={
}

Java Threads: ( => current thread )
Total: 0

Other Threads:
  0x0000028413c2db20 WorkerThread "GC Thread#0"                     [id=10732, stack(0x000000c03b600000,0x000000c03b700000) (1024K)]
  0x0000028413c3eae0 ConcurrentGCThread "G1 Main Marker"            [id=9572, stack(0x000000c03b700000,0x000000c03b800000) (1024K)]
  0x0000028413c40750 WorkerThread "G1 Conc#0"                       [id=23084, stack(0x000000c03b800000,0x000000c03b900000) (1024K)]

[error occurred during error reporting (printing all threads), id 0xc0000005, EXCEPTION_ACCESS_VIOLATION (0xc0000005) at pc=0x00007fffb06b2447]
VM state: not at safepoint (not fully initialized)

VM Mutex/Monitor currently owned by a thread:  ([mutex/lock_event])
[0x00007fffb0fba010] Heap_lock - owner thread: 0x0000028411b2d160

Heap address: 0x0000000701e00000, size: 4066 MB, Compressed Oops mode: Zero based, Oop shift amount: 3

CDS archive(s) mapped at: [0x0000000000000000-0x0000000000000000-0x0000000000000000), size 0, SharedBaseAddress: 0x0000000800000000, ArchiveRelocationMode: 1.
Narrow klass base: 0x0000000000000000, Narrow klass shift: 0, Narrow klass range: 0x0

GC Precious Log:
 CardTable entry size: 512
 Card Set container configuration: InlinePtr #cards 4 size 8 Array Of Cards #cards 16 size 48 Howl #buckets 8 coarsen threshold 3686 Howl Bitmap #cards 512 size 80 coarsen threshold 460 Card regions per heap region 1 cards per card region 4096

Heap:
 garbage-first heap   total 0K, used 0K [0x0000000701e00000, 0x0000000800000000)
  region size 2048K, 0 young (0K), 0 survivors (0K)

[error occurred during error reporting (printing heap information), id 0xc0000005, EXCEPTION_ACCESS_VIOLATION (0xc0000005) at pc=0x00007fffb0a9ac39]
GC Heap History (0 events):
No events

Dll operation events (1 events):
Event: 0.007 Loaded shared library C:\Program Files\Java\jdk-21.0.10\bin\java.dll

Deoptimization events (0 events):
No events

Classes loaded (0 events):
No events

Classes unloaded (0 events):
No events

Classes redefined (0 events):
No events

Internal exceptions (0 events):
No events

ZGC Phase Switch (0 events):
No events

VM Operations (0 events):
No events

Events (0 events):
No events


Dynamic libraries:
0x00007ff773090000 - 0x00007ff7730a0000 	C:\Program Files\Java\jdk-21.0.10\bin\java.exe
0x00007fffccc70000 - 0x00007fffcce69000 	C:\Windows\SYSTEM32\ntdll.dll
0x00007fffcc1e0000 - 0x00007fffcc2a2000 	C:\Windows\System32\KERNEL32.DLL
0x00007fffca360000 - 0x00007fffca657000 	C:\Windows\System32\KERNELBASE.dll
0x00007fffca990000 - 0x00007fffcaa90000 	C:\Windows\System32\ucrtbase.dll
0x00007fffb1160000 - 0x00007fffb117e000 	C:\Program Files\Java\jdk-21.0.10\bin\VCRUNTIME140.dll
0x00007fffb1360000 - 0x00007fffb1379000 	C:\Program Files\Java\jdk-21.0.10\bin\jli.dll
0x00007fffcaca0000 - 0x00007fffcad51000 	C:\Windows\System32\ADVAPI32.dll
0x00007fffcc2b0000 - 0x00007fffcc34e000 	C:\Windows\System32\msvcrt.dll
0x00007fffcc500000 - 0x00007fffcc59f000 	C:\Windows\System32\sechost.dll
0x00007fffccb00000 - 0x00007fffccc26000 	C:\Windows\System32\RPCRT4.dll
0x00007fffca830000 - 0x00007fffca857000 	C:\Windows\System32\bcrypt.dll
0x00007fffcbed0000 - 0x00007fffcc06d000 	C:\Windows\System32\USER32.dll
0x00007fffcaa90000 - 0x00007fffcaab2000 	C:\Windows\System32\win32u.dll
0x00007fffbb8a0000 - 0x00007fffbbb3b000 	C:\Windows\WinSxS\amd64_microsoft.windows.common-controls_6595b64144ccf1df_6.0.19041.6926_none_60b5a53971f8f7e6\COMCTL32.dll
0x00007fffcaea0000 - 0x00007fffcaecb000 	C:\Windows\System32\GDI32.dll
0x00007fffca710000 - 0x00007fffca82a000 	C:\Windows\System32\gdi32full.dll
0x00007fffca860000 - 0x00007fffca8fd000 	C:\Windows\System32\msvcp_win.dll
0x00007fffc4740000 - 0x00007fffc474a000 	C:\Windows\SYSTEM32\VERSION.dll
0x00007fffcac70000 - 0x00007fffcac9f000 	C:\Windows\System32\IMM32.DLL
0x00007fffb1db0000 - 0x00007fffb1dbc000 	C:\Program Files\Java\jdk-21.0.10\bin\vcruntime140_1.dll
0x00007fffb10a0000 - 0x00007fffb112d000 	C:\Program Files\Java\jdk-21.0.10\bin\msvcp140.dll
0x00007fffb0370000 - 0x00007fffb1097000 	C:\Program Files\Java\jdk-21.0.10\bin\server\jvm.dll
0x00007fffcc070000 - 0x00007fffcc0db000 	C:\Windows\System32\WS2_32.dll
0x00007fffca130000 - 0x00007fffca17b000 	C:\Windows\SYSTEM32\POWRPROF.dll
0x00007fffc08b0000 - 0x00007fffc08d7000 	C:\Windows\SYSTEM32\WINMM.dll
0x00007fffca110000 - 0x00007fffca122000 	C:\Windows\SYSTEM32\UMPDC.dll
0x00007fffc8130000 - 0x00007fffc8142000 	C:\Windows\SYSTEM32\kernel.appcore.dll
0x00007fffb1150000 - 0x00007fffb115a000 	C:\Program Files\Java\jdk-21.0.10\bin\jimage.dll
0x00007fffbbbb0000 - 0x00007fffbbdb1000 	C:\Windows\SYSTEM32\DBGHELP.DLL
0x00007fffb9380000 - 0x00007fffb93b4000 	C:\Windows\SYSTEM32\dbgcore.DLL
0x00007fffca900000 - 0x00007fffca982000 	C:\Windows\System32\bcryptPrimitives.dll
0x00007fffb1e10000 - 0x00007fffb1e31000 	C:\Program Files\Java\jdk-21.0.10\bin\java.dll

dbghelp: loaded successfully - version: 4.0.5 - missing functions: none
symbol engine: initialized successfully - sym options: 0x614 - pdb path: .;C:\Program Files\Java\jdk-21.0.10\bin;C:\Windows\SYSTEM32;C:\Windows\WinSxS\amd64_microsoft.windows.common-controls_6595b64144ccf1df_6.0.19041.6926_none_60b5a53971f8f7e6;C:\Program Files\Java\jdk-21.0.10\bin\server

VM Arguments:
jvm_args: --enable-native-access=ALL-UNNAMED 
java_command: <unknown>
java_class_path (initial): <not set>
Launcher Type: SUN_STANDARD

[Global flags]
     intx CICompilerCount                          = 3                                         {product} {ergonomic}
     uint ConcGCThreads                            = 2                                         {product} {ergonomic}
     uint G1ConcRefinementThreads                  = 6                                         {product} {ergonomic}
   size_t G1HeapRegionSize                         = 2097152                                   {product} {ergonomic}
    uintx GCDrainStackTargetSize                   = 64                                        {product} {ergonomic}
   size_t InitialHeapSize                          = 268435456                                 {product} {ergonomic}
   size_t MarkStackSize                            = 4194304                                   {product} {ergonomic}
   size_t MaxHeapSize                              = 4263510016                                {product} {ergonomic}
   size_t MinHeapDeltaBytes                        = 2097152                                   {product} {ergonomic}
   size_t MinHeapSize                              = 8388608                                   {product} {ergonomic}
    uintx NonNMethodCodeHeapSize                   = 5832780                                {pd product} {ergonomic}
    uintx NonProfiledCodeHeapSize                  = 122912730                              {pd product} {ergonomic}
    uintx ProfiledCodeHeapSize                     = 122912730                              {pd product} {ergonomic}
    uintx ReservedCodeCacheSize                    = 251658240                              {pd product} {ergonomic}
     bool SegmentedCodeCache                       = true                                      {product} {ergonomic}
   size_t SoftMaxHeapSize                          = 4263510016                             {manageable} {ergonomic}
     bool UseCompressedOops                        = true                           {product lp64_product} {ergonomic}
     bool UseG1GC                                  = true                                      {product} {ergonomic}
     bool UseLargePagesIndividualAllocation        = false                                  {pd product} {ergonomic}

Logging:
Log output configuration:
 #0: stdout all=warning uptime,level,tags foldmultilines=false
 #1: stderr all=off uptime,level,tags foldmultilines=false

Environment Variables:
JAVA_HOME=C:\Program Files\Java\jdk-21.0.10
PATH=C:\Program Files\Java\jdk-21.0.10\bin;C:\Python314\;C:\Windows\system32;C:\Windows;C:\Windows\System32\Wbem;C:\Windows\System32\WindowsPowerShell\v1.0\;C:\Windows\System32\OpenSSH\;C:\ProgramData\chocolatey\bin;C:\Program Files\nodejs\;C:\Program Files\Git\cmd;C:\Program Files\apache-maven-3.9.12\bin;C:\Program Files\Java\jdk-21.0.10\bin;C:\Program Files\Kubernetes\Minikube;C:\php;;C:\Program Files\Docker\Docker\resources\bin;C:\Users\softsuave\AppData\Local\Microsoft\WindowsApps;C:\Program Files\Java\jdk-21\bin;C:\Users\softsuave\AppData\Local\Python\bin;C:\Users\softsuave\AppData\Roaming\npm;C:\Users\softsuave\AppData\Local\Programs\Microsoft VS Code\bin;C:\Users\softsuave\AppData\Local\Programs\cursor\resources\app\bin;C:\Users\softsuave\AppData\Local\Programs\Antigravity\bin;C:\Users\softsuave\.lmstudio\bin
USERNAME=softsuave
TERM=xterm
OS=Windows_NT
PROCESSOR_IDENTIFIER=Intel64 Family 6 Model 158 Stepping 10, GenuineIntel
TMP=C:\Windows\TEMP
TEMP=C:\Users\SOFTSU~1\AppData\Local\Temp




Periodic native trim disabled

---------------  S Y S T E M  ---------------

OS:
 Windows 10 , 64 bit Build 19041 (10.0.19041.7291)
OS uptime: 0 days 15:44 hours
Hyper-V role detected

CPU: total 6 (initial active 6) (6 cores per cpu, 1 threads per core) family 6 model 158 stepping 10 microcode 0xb4, cx8, cmov, fxsr, mmx, 3dnowpref, sse, sse2, sse3, ssse3, sse4.1, sse4.2, popcnt, lzcnt, tsc, tscinvbit, avx, avx2, aes, erms, clmul, bmi1, bmi2, adx, fma, vzeroupper, clflush, clflushopt, hv, rdtscp, f16c
Processor Information for all 6 processors :
  Max Mhz: 2808, Current Mhz: 2808, Mhz Limit: 2808

Memory: 4k page, system-wide physical 16256M (620M free)
TotalPageFile size 24990M (AvailPageFile size 109M)
current process WorkingSet (physical memory assigned to process): 10M, peak: 10M
current process commit charge ("private bytes"): 56M, peak: 312M

vm_info: Java HotSpot(TM) 64-Bit Server VM (21.0.10+8-LTS-217) for windows-amd64 JRE (21.0.10+8-LTS-217), built on 2025-12-18T14:59:28Z by "mach5run" with MS VC++ 17.13 (VS2022)

END.
